This is pdfTeX, Version 3.141592653-2.6-1.40.29 (MiKTeX 26.2) (preloaded format=pdflatex 2026.4.19)  3 JUL 2026 10:24
entering extended mode
 restricted \write18 enabled.
 %&-line parsing enabled.
**./010_supervisor_memo.tex
(010_supervisor_memo.tex
LaTeX2e <2025-11-01>
L3 programming layer <2026-03-20>
(C:\Users\timkh\AppData\Local\Programs\MiKTeX\tex/latex/base\article.cls
Document Class: article 2025/01/22 v1.4n Standard LaTeX document class
(C:\Users\timkh\AppData\Local\Programs\MiKTeX\tex/latex/base\size10.clo
File: size10.clo 2025/01/22 v1.4n Standard LaTeX file (size option)
)
\c@part=\count275
\c@section=\count276
\c@subsection=\count277
\c@subsubsection=\count278
\c@paragraph=\count279
\c@subparagraph=\count280
\c@figure=\count281
\c@table=\count282
\abovecaptionskip=\skip49
\belowcaptionskip=\skip50
\bibindent=\dimen150
)
(C:\Users\timkh\AppData\Local\Programs\MiKTeX\tex/latex/geometry\geometry.sty
Package: geometry 2026/03/07 v6.0 Page Geometry

(C:\Users\timkh\AppData\Local\Programs\MiKTeX\tex/latex/graphics\keyval.sty
Package: keyval 2022/05/29 v1.15 key=value parser (DPC)
\KV@toks@=\toks17
)
(C:\Users\timkh\AppData\Local\Programs\MiKTeX\tex/generic/iftex\ifvtex.sty
Package: ifvtex 2019/10/25 v1.7 ifvtex legacy package. Use iftex instead.

(C:\Users\timkh\AppData\Local\Programs\MiKTeX\tex/generic/iftex\iftex.sty
Package: iftex 2024/12/12 v1.0g TeX engine tests
))
\Gm@cnth=\count283
\Gm@cntv=\count284
\c@Gm@tempcnt=\count285
\Gm@bindingoffset=\dimen151
\Gm@wd@mp=\dimen152
\Gm@odd@mp=\dimen153
\Gm@even@mp=\dimen154
\Gm@layoutwidth=\dimen155
\Gm@layoutheight=\dimen156
\Gm@layouthoffset=\dimen157
\Gm@layoutvoffset=\dimen158
\Gm@dimlist=\toks18

(C:\Users\timkh\AppData\Local\Programs\MiKTeX\tex/latex/geometry\geometry.cfg))
(C:\Users\timkh\AppData\Local\Programs\MiKTeX\tex/latex/booktabs\booktabs.sty
Package: booktabs 2020/01/12 v1.61803398 Publication quality tables
\heavyrulewidth=\dimen159
\lightrulewidth=\dimen160
\cmidrulewidth=\dimen161
\belowrulesep=\dimen162
\belowbottomsep=\dimen163
\aboverulesep=\dimen164
\abovetopsep=\dimen165
\cmidrulesep=\dimen166
\cmidrulekern=\dimen167
\defaultaddspace=\dimen168
\@cmidla=\count286
\@cmidlb=\count287
\@aboverulesep=\dimen169
\@belowrulesep=\dimen170
\@thisruleclass=\count288
\@lastruleclass=\count289
\@thisrulewidth=\dimen171
)
(C:\Users\timkh\AppData\Local\Programs\MiKTeX\tex/latex/graphics\graphicx.sty
Package: graphicx 2024/12/31 v1.2e Enhanced LaTeX Graphics (DPC,SPQR)

(C:\Users\timkh\AppData\Local\Programs\MiKTeX\tex/latex/graphics\graphics.sty
Package: graphics 2024/08/06 v1.4g Standard LaTeX Graphics (DPC,SPQR)

(C:\Users\timkh\AppData\Local\Programs\MiKTeX\tex/latex/graphics\trig.sty
Package: trig 2023/12/02 v1.11 sin cos tan (DPC)
)
(C:\Users\timkh\AppData\Local\Programs\MiKTeX\tex/latex/graphics-cfg\graphics.c
fg
File: graphics.cfg 2016/06/04 v1.11 sample graphics configuration
)
Package graphics Info: Driver file: pdftex.def on input line 106.

(C:\Users\timkh\AppData\Local\Programs\MiKTeX\tex/latex/graphics-def\pdftex.def
File: pdftex.def 2025/09/29 v1.2d Graphics/color driver for pdftex
))
\Gin@req@height=\dimen172
\Gin@req@width=\dimen173
) (C:\Users\timkh\AppData\Local\Programs\MiKTeX\tex/latex/tools\tabularx.sty
Package: tabularx 2023/12/11 v2.12a `tabularx' package (DPC)

(C:\Users\timkh\AppData\Local\Programs\MiKTeX\tex/latex/tools\array.sty
Package: array 2025/09/25 v2.6n Tabular extension package (FMi)
\col@sep=\dimen174
\ar@mcellbox=\box53
\extrarowheight=\dimen175
\NC@list=\toks19
\extratabsurround=\skip51
\backup@length=\skip52
\ar@cellbox=\box54
)
\TX@col@width=\dimen176
\TX@old@table=\dimen177
\TX@old@col=\dimen178
\TX@target=\dimen179
\TX@delta=\dimen180
\TX@cols=\count290
\TX@ftn=\toks20
)
(C:\Users\timkh\AppData\Local\Programs\MiKTeX\tex/latex/xcolor\xcolor.sty
Package: xcolor 2024/09/29 v3.02 LaTeX color extensions (UK)

(C:\Users\timkh\AppData\Local\Programs\MiKTeX\tex/latex/graphics-cfg\color.cfg
File: color.cfg 2016/01/02 v1.6 sample color configuration
)
Package xcolor Info: Driver file: pdftex.def on input line 274.
(C:\Users\timkh\AppData\Local\Programs\MiKTeX\tex/latex/graphics\mathcolor.ltx)
Package xcolor Info: Model `cmy' substituted by `cmy0' on input line 1349.
Package xcolor Info: Model `hsb' substituted by `rgb' on input line 1353.
Package xcolor Info: Model `RGB' extended on input line 1365.
Package xcolor Info: Model `HTML' substituted by `rgb' on input line 1367.
Package xcolor Info: Model `Hsb' substituted by `hsb' on input line 1368.
Package xcolor Info: Model `tHsb' substituted by `hsb' on input line 1369.
Package xcolor Info: Model `HSB' substituted by `hsb' on input line 1370.
Package xcolor Info: Model `Gray' substituted by `gray' on input line 1371.
Package xcolor Info: Model `wave' substituted by `hsb' on input line 1372.
) (C:\Users\timkh\AppData\Local\Programs\MiKTeX\tex/latex/enumitem\enumitem.sty
Package: enumitem 2025/02/06 v3.11 Customized lists
\labelindent=\skip53
\enit@outerparindent=\dimen181
\enit@toks=\toks21
\enit@inbox=\box55
\enit@count@id=\count291
\enitdp@description=\count292
)
(C:\Users\timkh\AppData\Local\Programs\MiKTeX\tex/latex/microtype\microtype.sty
Package: microtype 2026/03/01 v3.2d Micro-typographical refinements (RS)
(C:\Users\timkh\AppData\Local\Programs\MiKTeX\tex/latex/etoolbox\etoolbox.sty
Package: etoolbox 2025/10/02 v2.5m e-TeX tools for LaTeX (JAW)
\etb@tempcnta=\count293
)
\MT@toks=\toks22
\MT@tempbox=\box56
\MT@count=\count294
LaTeX Info: Redefining \noprotrusionifhmode on input line 1084.
LaTeX Info: Redefining \leftprotrusion on input line 1085.
\MT@prot@toks=\toks23
LaTeX Info: Redefining \rightprotrusion on input line 1104.
LaTeX Info: Redefining \textls on input line 1449.
\MT@outer@kern=\dimen182
LaTeX Info: Redefining \microtypecontext on input line 2053.
LaTeX Info: Redefining \textmicrotypecontext on input line 2070.
\MT@listname@count=\count295

(C:\Users\timkh\AppData\Local\Programs\MiKTeX\tex/latex/microtype\microtype-pdf
tex.def
File: microtype-pdftex.def 2026/03/01 v3.2d Definitions specific to pdftex (RS)

LaTeX Info: Redefining \lsstyle on input line 944.
LaTeX Info: Redefining \lslig on input line 944.
\MT@outer@space=\skip54
)
Package microtype Info: Loading configuration file microtype.cfg.

(C:\Users\timkh\AppData\Local\Programs\MiKTeX\tex/latex/microtype\microtype.cfg
File: microtype.cfg 2026/03/01 v3.2d microtype main configuration file (RS)
)
LaTeX Info: Redefining \microtypesetup on input line 3065.
) (C:\Users\timkh\AppData\Local\Programs\MiKTeX\tex/latex/parskip\parskip.sty
Package: parskip 2021-03-14 v2.0h non-zero parskip adjustments

(C:\Users\timkh\AppData\Local\Programs\MiKTeX\tex/latex/kvoptions\kvoptions.sty
Package: kvoptions 2022-06-15 v3.15 Key value format for package options (HO)
(C:\Users\timkh\AppData\Local\Programs\MiKTeX\tex/generic/ltxcmds\ltxcmds.sty
Package: ltxcmds 2023-12-04 v1.26 LaTeX kernel commands for general use (HO)
)
(C:\Users\timkh\AppData\Local\Programs\MiKTeX\tex/latex/kvsetkeys\kvsetkeys.sty
Package: kvsetkeys 2022-10-05 v1.19 Key value parser (HO)
))) (C:\Users\timkh\AppData\Local\Programs\MiKTeX\tex/latex/caption\caption.sty
Package: caption 2023/08/05 v3.6o Customizing captions (AR)
(C:\Users\timkh\AppData\Local\Programs\MiKTeX\tex/latex/caption\caption3.sty
Package: caption3 2023/07/31 v2.4d caption3 kernel (AR)
\caption@tempdima=\dimen183
\captionmargin=\dimen184
\caption@leftmargin=\dimen185
\caption@rightmargin=\dimen186
\caption@width=\dimen187
\caption@indent=\dimen188
\caption@parindent=\dimen189
\caption@hangindent=\dimen190
Package caption Info: Standard document class detected.
)
\c@caption@flags=\count296
\c@continuedfloat=\count297
)
(C:\Users\timkh\AppData\Local\Programs\MiKTeX\tex/latex/amsmath\amsmath.sty
Package: amsmath 2025/07/09 v2.17z AMS math features
\@mathmargin=\skip55

For additional information on amsmath, use the `?' option.
(C:\Users\timkh\AppData\Local\Programs\MiKTeX\tex/latex/amsmath\amstext.sty
Package: amstext 2024/11/17 v2.01 AMS text

(C:\Users\timkh\AppData\Local\Programs\MiKTeX\tex/latex/amsmath\amsgen.sty
File: amsgen.sty 1999/11/30 v2.0 generic functions
\@emptytoks=\toks24
\ex@=\dimen191
))
(C:\Users\timkh\AppData\Local\Programs\MiKTeX\tex/latex/amsmath\amsbsy.sty
Package: amsbsy 1999/11/29 v1.2d Bold Symbols
\pmbraise@=\dimen192
)
(C:\Users\timkh\AppData\Local\Programs\MiKTeX\tex/latex/amsmath\amsopn.sty
Package: amsopn 2022/04/08 v2.04 operator names
)
\inf@bad=\count298
LaTeX Info: Redefining \frac on input line 233.
\uproot@=\count299
\leftroot@=\count300
LaTeX Info: Redefining \overline on input line 398.
LaTeX Info: Redefining \colon on input line 409.
\classnum@=\count301
\DOTSCASE@=\count302
LaTeX Info: Redefining \ldots on input line 495.
LaTeX Info: Redefining \dots on input line 498.
LaTeX Info: Redefining \cdots on input line 619.
\Mathstrutbox@=\box57
\strutbox@=\box58
LaTeX Info: Redefining \big on input line 721.
LaTeX Info: Redefining \Big on input line 722.
LaTeX Info: Redefining \bigg on input line 723.
LaTeX Info: Redefining \Bigg on input line 724.
\big@size=\dimen193
LaTeX Font Info:    Redeclaring font encoding OML on input line 742.
LaTeX Font Info:    Redeclaring font encoding OMS on input line 743.
\macc@depth=\count303
LaTeX Info: Redefining \bmod on input line 904.
LaTeX Info: Redefining \pmod on input line 909.
LaTeX Info: Redefining \smash on input line 939.
LaTeX Info: Redefining \relbar on input line 969.
LaTeX Info: Redefining \Relbar on input line 970.
\c@MaxMatrixCols=\count304
\dotsspace@=\muskip17
\c@parentequation=\count305
\dspbrk@lvl=\count306
\tag@help=\toks25
\row@=\count307
\column@=\count308
\maxfields@=\count309
\andhelp@=\toks26
\eqnshift@=\dimen194
\alignsep@=\dimen195
\tagshift@=\dimen196
\tagwidth@=\dimen197
\totwidth@=\dimen198
\lineht@=\dimen199
\@envbody=\toks27
\multlinegap=\skip56
\multlinetaggap=\skip57
\mathdisplay@stack=\toks28
LaTeX Info: Redefining \[ on input line 2950.
LaTeX Info: Redefining \] on input line 2951.
)
(C:\Users\timkh\AppData\Local\Programs\MiKTeX\tex/latex/needspace\needspace.sty
Package: needspace 2025/03/13 v1.3e reserve vertical space
) (C:\Users\timkh\AppData\Local\Programs\MiKTeX\tex/latex/base\fontenc.sty
Package: fontenc 2025/07/18 v2.1d Standard LaTeX package
)
(C:\Users\timkh\AppData\Local\Programs\MiKTeX\tex/latex/xcharter\XCharter.sty
Package: XCharter 2023/07/21 v1.25

`XCharter' v1.25, 2023/07/21 Text macros for XCharter, an extension of Charter 
(msharpe)
(C:\Users\timkh\AppData\Local\Programs\MiKTeX\tex/latex/xkeyval\xkeyval.sty
Package: xkeyval 2022/06/16 v2.9 package option processing (HA)

(C:\Users\timkh\AppData\Local\Programs\MiKTeX\tex/generic/xkeyval\xkeyval.tex
(C:\Users\timkh\AppData\Local\Programs\MiKTeX\tex/generic/xkeyval\xkvutils.tex
\XKV@toks=\toks29
\XKV@tempa@toks=\toks30
)
\XKV@depth=\count310
File: xkeyval.tex 2014/12/03 v2.7a key=value parser (HA)
)) (C:\Users\timkh\AppData\Local\Programs\MiKTeX\tex/latex/base\textcomp.sty
Package: textcomp 2024/04/24 v2.1b Standard LaTeX package
)
(C:\Users\timkh\AppData\Local\Programs\MiKTeX\tex/latex/xstring\xstring.sty
(C:\Users\timkh\AppData\Local\Programs\MiKTeX\tex/generic/xstring\xstring.tex
\xs_counta=\count311
\xs_countb=\count312
)
Package: xstring 2023/08/22 v1.86 String manipulations (CT)
) (C:\Users\timkh\AppData\Local\Programs\MiKTeX\tex/latex/base\ifthen.sty
Package: ifthen 2024/03/16 v1.1e Standard LaTeX ifthen package (DPC)
)
(C:\Users\timkh\AppData\Local\Programs\MiKTeX\tex/latex/carlisle\scalefnt.sty)
(C:\Users\timkh\AppData\Local\Programs\MiKTeX\tex/latex/base\fontenc.sty
Package: fontenc 2025/07/18 v2.1d Standard LaTeX package
)
LaTeX Font Info:    Setting XCharter-LF sub-encoding to TS1/0 on input line 37.

LaTeX Font Info:    Changing XCharter-TLF sub-encoding to TS1/0 on input line 3
7.
LaTeX Font Info:    Setting XCharter-OsF sub-encoding to TS1/0 on input line 37
.
LaTeX Font Info:    Changing XCharter-TOsF sub-encoding to TS1/0 on input line 
37.
\xch@cnt=\count313

(C:\Users\timkh\AppData\Local\Programs\MiKTeX\tex/latex/fontaxes\fontaxes.sty
Package: fontaxes 2026-01-02 v2.0.2 Font selection axes (deprecated)
Applying: [2024-11-01] Use figureversions if present on input line 74.

(C:\Users\timkh\AppData\Local\Programs\MiKTeX\tex/latex/figureversions\figureve
rsions.sty
Package: figureversions 2025-04-29 v1.0.1 Figure versions
)
Already applied: [0000-00-00] Fall back to v1 on input line 76.
)
LaTeX Info: Redefining \textsu on input line 737.
LaTeX Info: Redefining \textde on input line 740.
LaTeX Info: Redefining \textinf on input line 742.
)
LaTeX Info: Redefining \oldstylenums on input line 51.
LaTeX Font Info:    Trying to load font information for T1+XCharter-TLF on inpu
t line 51.

(C:\Users\timkh\AppData\Local\Programs\MiKTeX\tex/latex/xcharter\t1xcharter-tlf
.fd
File: T1XCharter-TLF.fd 2017/06/25 (autoinst) Font definitions for T1/XCharter-
TLF.
)
LaTeX Font Info:    Font shape `T1/XCharter-TLF/m/n' will be
(Font)              scaled to size 10.0pt on input line 51.

(C:\Users\timkh\AppData\Local\Programs\MiKTeX\tex/latex/l3backend\l3backend-pdf
tex.def
File: l3backend-pdftex.def 2026-02-18 L3 backend support: PDF output (pdfTeX)
\l__color_backend_stack_int=\count314
) (010_supervisor_memo.aux)
\openout1 = `010_supervisor_memo.aux'.

LaTeX Font Info:    Checking defaults for OML/cmm/m/it on input line 51.
LaTeX Font Info:    ... okay on input line 51.
LaTeX Font Info:    Checking defaults for OMS/cmsy/m/n on input line 51.
LaTeX Font Info:    ... okay on input line 51.
LaTeX Font Info:    Checking defaults for OT1/cmr/m/n on input line 51.
LaTeX Font Info:    ... okay on input line 51.
LaTeX Font Info:    Checking defaults for T1/cmr/m/n on input line 51.
LaTeX Font Info:    ... okay on input line 51.
LaTeX Font Info:    Checking defaults for TS1/cmr/m/n on input line 51.
LaTeX Font Info:    ... okay on input line 51.
LaTeX Font Info:    Checking defaults for OMX/cmex/m/n on input line 51.
LaTeX Font Info:    ... okay on input line 51.
LaTeX Font Info:    Checking defaults for U/cmr/m/n on input line 51.
LaTeX Font Info:    ... okay on input line 51.

*geometry* driver: auto-detecting
*geometry* detected driver: pdftex
*geometry* verbose mode - [ preamble ] result:
* driver: pdftex
* paper: <default>
* layout: <same size as paper>
* layoutoffset:(h,v)=(0.0pt,0.0pt)
* modes: 
* h-part:(L,W,R)=(39.74872pt, 534.79756pt, 39.74872pt)
* v-part:(T,H,B)=(39.74872pt, 715.47255pt, 39.74872pt)
* \paperwidth=614.295pt
* \paperheight=794.96999pt
* \textwidth=534.79756pt
* \textheight=715.47255pt
* \oddsidemargin=-32.52127pt
* \evensidemargin=-32.52127pt
* \topmargin=-69.52127pt
* \headheight=12.0pt
* \headsep=25.0pt
* \topskip=10.0pt
* \footskip=30.0pt
* \marginparwidth=65.0pt
* \marginparsep=11.0pt
* \columnsep=10.0pt
* \skip\footins=9.0pt plus 4.0pt minus 2.0pt
* \hoffset=0.0pt
* \voffset=0.0pt
* \mag=1000
* \@twocolumnfalse
* \@twosidefalse
* \@mparswitchfalse
* \@reversemarginfalse
* (1in=72.27pt=25.4mm, 1cm=28.453pt)


(C:\Users\timkh\AppData\Local\Programs\MiKTeX\tex/context/base/mkii\supp-pdf.mk
ii
[Loading MPS to PDF converter (version 2006.09.02).]
\scratchcounter=\count315
\scratchdimen=\dimen256
\scratchbox=\box59
\nofMPsegments=\count316
\nofMParguments=\count317
\everyMPshowfont=\toks31
\MPscratchCnt=\count318
\MPscratchDim=\dimen257
\MPnumerator=\count319
\makeMPintoPDFobject=\count320
\everyMPtoPDFconversion=\toks32
)
(C:\Users\timkh\AppData\Local\Programs\MiKTeX\tex/latex/epstopdf-pkg\epstopdf-b
ase.sty
Package: epstopdf-base 2020-01-24 v2.11 Base part for package epstopdf
Package epstopdf-base Info: Redefining graphics rule for `.eps' on input line 4
85.

(C:\Users\timkh\AppData\Local\Programs\MiKTeX\tex/latex/00miktex\epstopdf-sys.c
fg
File: epstopdf-sys.cfg 2021/03/18 v2.0 Configuration of epstopdf for MiKTeX
))
LaTeX Info: Redefining \microtypecontext on input line 51.
Package microtype Info: Applying patch `item' on input line 51.
Package microtype Info: Applying patch `toc' on input line 51.
Package microtype Info: Applying patch `eqnum' on input line 51.
Package microtype Info: Applying patch `footnote' on input line 51.
Package microtype Info: Applying patch `verbatim' on input line 51.
LaTeX Info: Redefining \microtypesetup on input line 51.
Package microtype Info: Generating PDF output.
Package microtype Info: Character protrusion enabled (level 2).
Package microtype Info: Using default protrusion set `alltext'.
Package microtype Info: No font expansion.
Package microtype Info: No adjustment of tracking.
Package microtype Info: No adjustment of interword spacing.
Package microtype Info: No adjustment of character kerning.

(C:\Users\timkh\AppData\Local\Programs\MiKTeX\tex/latex/microtype\mt-bch.cfg
File: mt-bch.cfg 2007/03/03 v1.5 microtype config. file: Bitstream Charter (RS)

)
Package caption Info: Begin \AtBeginDocument code.
Package caption Info: End \AtBeginDocument code.
\c@mv@tabular=\count321
\c@mv@boldtabular=\count322
LaTeX Font Info:    Font shape `T1/XCharter-TLF/m/n' will be
(Font)              scaled to size 17.28pt on input line 53.
LaTeX Font Info:    Font shape `T1/XCharter-TLF/b/n' will be
(Font)              scaled to size 17.28pt on input line 53.
LaTeX Font Info:    Font shape `T1/XCharter-TLF/m/n' will be
(Font)              scaled to size 9.0pt on input line 54.
LaTeX Font Info:    Font shape `T1/XCharter-TLF/b/n' will be
(Font)              scaled to size 10.0pt on input line 60.

(C:\Users\timkh\AppData\Local\Programs\MiKTeX\tex/latex/microtype\mt-cmr.cfg
File: mt-cmr.cfg 2013/05/19 v2.2 microtype config. file: Computer Modern Roman 
(RS)
)
LaTeX Font Info:    Font shape `T1/XCharter-TLF/m/n' will be
(Font)              scaled to size 12.0pt on input line 62.
LaTeX Font Info:    Font shape `T1/XCharter-TLF/b/n' will be
(Font)              scaled to size 12.0pt on input line 62.
LaTeX Font Info:    Font shape `T1/XCharter-TLF/m/it' will be
(Font)              scaled to size 10.0pt on input line 66.
<../02_analysis/output/figures/preliminary_results/figure3_attrition_decomposit
ion.png, id=1, 520.344pt x 346.896pt>
File: ../02_analysis/output/figures/preliminary_results/figure3_attrition_decom
position.png Graphic file (type png)
<use ../02_analysis/output/figures/preliminary_results/figure3_attrition_decomp
osition.png>
Package pdftex.def Info: ../02_analysis/output/figures/preliminary_results/figu
re3_attrition_decomposition.png  used on input line 70.
(pdftex.def)             Requested size: 363.65842pt x 242.44972pt.
LaTeX Font Info:    Font shape `T1/XCharter-TLF/m/n' will be
(Font)              scaled to size 8.0pt on input line 71.
LaTeX Font Info:    Font shape `T1/XCharter-TLF/b/n' will be
(Font)              scaled to size 8.0pt on input line 71.


pdfTeX warning: pdflatex.exe (file ../02_analysis/output/figures/supervisor_mem
o/memo_figure1_raw_patents.pdf): PDF inclusion: found PDF version <1.7>, but at
 most version <1.5> allowed
<../02_analysis/output/figures/supervisor_memo/memo_figure1_raw_patents.pdf, id
=2, 519.9425pt x 234.8775pt>
File: ../02_analysis/output/figures/supervisor_memo/memo_figure1_raw_patents.pd
f Graphic file (type pdf)
<use ../02_analysis/output/figures/supervisor_memo/memo_figure1_raw_patents.pdf
>
Package pdftex.def Info: ../02_analysis/output/figures/supervisor_memo/memo_fig
ure1_raw_patents.pdf  used on input line 93.
(pdftex.def)             Requested size: 417.14143pt x 188.43625pt.
[1

{C:/Users/timkh/AppData/Local/MiKTeX/fonts/map/pdftex/pdftex.map}{C:/Users/timk
h/AppData/Local/Programs/MiKTeX/fonts/enc/dvips/xcharter/xch_rydp4l.enc} <../02
_analysis/output/figures/preliminary_results/figure3_attrition_decomposition.pn
g>]

pdfTeX warning: pdflatex.exe (file ../02_analysis/output/figures/supervisor_mem
o/memo_figure2_margins.pdf): PDF inclusion: found PDF version <1.7>, but at mos
t version <1.5> allowed
<../02_analysis/output/figures/supervisor_memo/memo_figure2_margins.pdf, id=13,
 519.9425pt x 226.8475pt>
File: ../02_analysis/output/figures/supervisor_memo/memo_figure2_margins.pdf Gr
aphic file (type pdf)
<use ../02_analysis/output/figures/supervisor_memo/memo_figure2_margins.pdf>
Package pdftex.def Info: ../02_analysis/output/figures/supervisor_memo/memo_fig
ure2_margins.pdf  used on input line 101.
(pdftex.def)             Requested size: 502.711pt x 219.32875pt.


pdfTeX warning: pdflatex.exe (file ../02_analysis/output/figures/supervisor_mem
o/memo_figure3_selection.pdf): PDF inclusion: found PDF version <1.7>, but at m
ost version <1.5> allowed
<../02_analysis/output/figures/supervisor_memo/memo_figure3_selection.pdf, id=1
4, 519.9425pt x 216.81pt>
File: ../02_analysis/output/figures/supervisor_memo/memo_figure3_selection.pdf 
Graphic file (type pdf)
<use ../02_analysis/output/figures/supervisor_memo/memo_figure3_selection.pdf>
Package pdftex.def Info: ../02_analysis/output/figures/supervisor_memo/memo_fig
ure3_selection.pdf  used on input line 110.
(pdftex.def)             Requested size: 502.711pt x 209.62393pt.
[2 <../02_analysis/output/figures/supervisor_memo/memo_figure1_raw_patents.pdf>
 <../02_analysis/output/figures/supervisor_memo/memo_figure2_margins.pdf

pdfTeX warning: pdflatex.exe (file ../02_analysis/output/figures/supervisor_mem
o/memo_figure2_margins.pdf): PDF inclusion: multiple pdfs with page group inclu
ded in a single page
>] [3 <../02_analysis/output/figures/supervisor_memo/memo_figure3_selection.pdf
>]

pdfTeX warning: pdflatex.exe (file ../02_analysis/output/figures/supervisor_mem
o/memo_figure_did_noanticipation.pdf): PDF inclusion: found PDF version <1.7>, 
but at most version <1.5> allowed
<../02_analysis/output/figures/supervisor_memo/memo_figure_did_noanticipation.p
df, id=62, 533.995pt x 226.8475pt>
File: ../02_analysis/output/figures/supervisor_memo/memo_figure_did_noanticipat
ion.pdf Graphic file (type pdf)
<use ../02_analysis/output/figures/supervisor_memo/memo_figure_did_noanticipati
on.pdf>
Package pdftex.def Info: ../02_analysis/output/figures/supervisor_memo/memo_fig
ure_did_noanticipation.pdf  used on input line 126.
(pdftex.def)             Requested size: 518.75427pt x 220.39487pt.


pdfTeX warning: pdflatex.exe (file ../02_analysis/output/figures/supervisor_mem
o/memo_figure4_did.pdf): PDF inclusion: found PDF version <1.7>, but at most ve
rsion <1.5> allowed
<../02_analysis/output/figures/supervisor_memo/memo_figure4_did.pdf, id=63, 533
.995pt x 226.8475pt>
File: ../02_analysis/output/figures/supervisor_memo/memo_figure4_did.pdf Graphi
c file (type pdf)
<use ../02_analysis/output/figures/supervisor_memo/memo_figure4_did.pdf>
Package pdftex.def Info: ../02_analysis/output/figures/supervisor_memo/memo_fig
ure4_did.pdf  used on input line 134.
(pdftex.def)             Requested size: 518.75427pt x 220.39487pt.
[4 <../02_analysis/output/figures/supervisor_memo/memo_figure_did_noanticipatio
n.pdf> <../02_analysis/output/figures/supervisor_memo/memo_figure4_did.pdf

pdfTeX warning: pdflatex.exe (file ../02_analysis/output/figures/supervisor_mem
o/memo_figure4_did.pdf): PDF inclusion: multiple pdfs with page group included 
in a single page
>]
LaTeX Font Info:    Trying to load font information for TS1+XCharter-TLF on inp
ut line 165.

(C:\Users\timkh\AppData\Local\Programs\MiKTeX\tex/latex/xcharter\ts1xcharter-tl
f.fd
File: TS1XCharter-TLF.fd 2020/05/25 (msharpe) Font definitions for TS1/XCharter
-TLF.
)
LaTeX Font Info:    Font shape `TS1/XCharter-TLF/m/n' will be
(Font)              scaled to size 10.0pt on input line 165.
Package microtype Info: Character `textbardbl ' is missing
(microtype)             in font `TS1/XCharter-TLF/m/n/10'.
(microtype)             Ignoring protrusion settings for this character.
Package microtype Info: Character `textcelsius ' is missing
(microtype)             in font `TS1/XCharter-TLF/m/n/10'.
(microtype)             Ignoring protrusion settings for this character.
 [5{C:/Users/timkh/AppData/Local/Programs/MiKTeX/fonts/enc/dvips/xcharter/xch1_
co4ru4.enc}]
LaTeX Font Info:    Font shape `T1/XCharter-TLF/m/n' will be
(Font)              scaled to size 14.4pt on input line 193.
LaTeX Font Info:    Font shape `T1/XCharter-TLF/b/n' will be
(Font)              scaled to size 14.4pt on input line 193.
Package microtype Info: Loading generic protrusion settings for font family
(microtype)             `cmtt' (encoding: T1).
(microtype)             For optimal results, create family-specific settings.
(microtype)             See the microtype manual for details.
 [6]
LaTeX Font Info:    Font shape `T1/XCharter-TLF/m/n' will be
(Font)              scaled to size 7.0pt on input line 228.
 [7] (010_supervisor_memo.aux)
 ***********
LaTeX2e <2025-11-01>
L3 programming layer <2026-03-20>
 ***********
 ) 
Here is how much of TeX's memory you used:
 9020 strings out of 467691
 156343 string characters out of 5414987
 620663 words of memory out of 5000000
 37950 multiletter control sequences out of 15000+600000
 729404 words of font info for 83 fonts, out of 8000000 for 9000
 1141 hyphenation exceptions out of 8191
 62i,13n,73p,1443b,429s stack positions out of 10000i,1000n,20000p,200000b,200000s
 <C:\Users\timkh\AppData\Local\MiKTeX\fonts/pk/ljfour/jknappen/ec/dpi600\ectt
0800.pk> <C:\Users\timkh\AppData\Local\MiKTeX\fonts/pk/ljfour/jknappen/ec/dpi60
0\ectt1000.pk><C:/Users/timkh/AppData/Local/Programs/MiKTeX/fonts/type1/public/
xcharter/XCharter-Bold.pfb><C:/Users/timkh/AppData/Local/Programs/MiKTeX/fonts/
type1/public/xcharter/XCharter-Italic.pfb><C:/Users/timkh/AppData/Local/Program
s/MiKTeX/fonts/type1/public/xcharter/XCharter-Roman.pfb><C:/Users/timkh/AppData
/Local/Programs/MiKTeX/fonts/type1/public/amsfonts/cm/cmmi10.pfb><C:/Users/timk
h/AppData/Local/Programs/MiKTeX/fonts/type1/public/amsfonts/cm/cmmi8.pfb><C:/Us
ers/timkh/AppData/Local/Programs/MiKTeX/fonts/type1/public/amsfonts/cm/cmmi9.pf
b><C:/Users/timkh/AppData/Local/Programs/MiKTeX/fonts/type1/public/amsfonts/cm/
cmr10.pfb><C:/Users/timkh/AppData/Local/Programs/MiKTeX/fonts/type1/public/amsf
onts/cm/cmr8.pfb><C:/Users/timkh/AppData/Local/Programs/MiKTeX/fonts/type1/publ
ic/amsfonts/cm/cmr9.pfb><C:/Users/timkh/AppData/Local/Programs/MiKTeX/fonts/typ
e1/public/amsfonts/cm/cmsy10.pfb><C:/Users/timkh/AppData/Local/Programs/MiKTeX/
fonts/type1/public/amsfonts/cm/cmsy8.pfb><C:/Users/timkh/AppData/Local/Programs
/MiKTeX/fonts/type1/public/amsfonts/cm/cmsy9.pfb>
Output written on 010_supervisor_memo.pdf (7 pages, 590139 bytes).
PDF statistics:
 218 PDF objects out of 1000 (max. 8388607)
 0 named destinations out of 1000 (max. 500000)
 12319 words of extra memory for PDF output out of 14400 (max. 10000000)

